2026-06-02 17:52:02 | INFO |  ============================================================ 
2026-06-02 17:52:02 | INFO | DYNAWO VERSION  :     1.8.0
2026-06-02 17:52:02 | INFO | DYNAWO REVISION :  test_cgmes-41d7e3a8e3d
2026-06-02 17:52:02 | INFO |  ============================================================ 
2026-06-02 17:52:02 | INFO | 
2026-06-02 17:52:02 | INFO | -----------------------------------------------------------------------
2026-06-02 17:52:02 | INFO | building model from input files
2026-06-02 17:52:02 | INFO | -----------------------------------------------------------------------
2026-06-02 17:52:03 | INFO | model was built successfully
2026-06-02 17:52:03 | INFO | -----------------------------------------------------------------------
2026-06-02 17:52:03 | INFO | 
2026-06-02 17:52:03 | INFO | -----------------------------------------------------------------------
2026-06-02 17:52:03 | INFO | starting local initialization
2026-06-02 17:52:03 | INFO | -----------------------------------------------------------------------
2026-06-02 17:52:03 | INFO | end of local initialization
2026-06-02 17:52:03 | INFO | -----------------------------------------------------------------------
2026-06-02 17:52:03 | INFO | 
2026-06-02 17:52:03 | INFO | -----------------------------------------------------------------------
2026-06-02 17:52:03 | INFO | starting global initialization
2026-06-02 17:52:03 | INFO | -----------------------------------------------------------------------
2026-06-02 17:52:03 | INFO | 
2026-06-02 17:52:03 | INFO | execution statistics :
2026-06-02 17:52:03 | INFO | 
2026-06-02 17:52:03 | INFO | number of time iterations                                  = 0
2026-06-02 17:52:03 | INFO | number of residual evaluations                             = 2
2026-06-02 17:52:03 | INFO | number of Jacobian evaluations                             = 2
2026-06-02 17:52:03 | INFO | number of nonlinear iterations                             = 0
2026-06-02 17:52:03 | INFO | number of error test failures                              = 0
2026-06-02 17:52:03 | INFO | number of nonlinear convergence failures                   = 0
2026-06-02 17:52:03 | INFO | number of solver root functions evaluations                = 0
2026-06-02 17:52:03 | INFO | number of internal root functions evaluations              = 2
2026-06-02 17:52:03 | INFO | number of discrete variables evaluations                   = 1
2026-06-02 17:52:03 | INFO | number of mode evaluations                                 = 1
2026-06-02 17:52:03 | INFO | number of differential mode                                = 0
2026-06-02 17:52:03 | INFO | number of algebraic mode                                   = 0
2026-06-02 17:52:03 | INFO | number of algebraic J update mode                          = 0
2026-06-02 17:52:03 | INFO | number of algebraic restoration residual evaluations       = 2
2026-06-02 17:52:03 | INFO | number of algebraic restoration Jacobian evaluations       = 1
2026-06-02 17:52:03 | INFO | number of algebraic prim restoration residual evaluations  = 2
2026-06-02 17:52:03 | INFO | number of algebraic prim restoration Jacobian evaluations  = 1
2026-06-02 17:52:03 | INFO | end of global initialization
2026-06-02 17:52:03 | INFO | -----------------------------------------------------------------------
2026-06-02 17:52:03 | INFO | 
2026-06-02 17:52:03 | INFO | -----------------------------------------------------------------------
2026-06-02 17:52:03 | INFO | starting curve initialization
2026-06-02 17:52:03 | INFO | -----------------------------------------------------------------------
2026-06-02 17:52:03 | INFO | end of curve initialization, added 10 curves
2026-06-02 17:52:03 | INFO | -----------------------------------------------------------------------
2026-06-02 17:52:03 | INFO | 
2026-06-02 17:52:03 | INFO | -----------------------------------------------------------------------
2026-06-02 17:52:03 | INFO | starting simulation with solver IDASolver
2026-06-02 17:52:03 | INFO | -----------------------------------------------------------------------
2026-06-02 17:52:03 | INFO | -----------------------------------------------------------------------
2026-06-02 17:52:03 | INFO | number of continuous variables : 61
2026-06-02 17:52:03 | INFO | number of discrete variables : 20
2026-06-02 17:52:03 | INFO | number of root functions : 18
2026-06-02 17:52:03 | INFO | -----------------------------------------------------------------------
2026-06-02 17:52:03 | INFO |         time ¦ iter num   order (k)      time step (h)
2026-06-02 17:52:03 | INFO | -----------------------------------------------------------------------
2026-06-02 17:52:03 | INFO |        0.000 ¦        0           0              0.000 
2026-06-02 17:52:03 | INFO |        0.000 ¦        1           1              0.000 
2026-06-02 17:52:03 | INFO |        0.000 ¦        2           1              0.000 
2026-06-02 17:52:03 | INFO |        0.000 ¦        3           2              0.000 
2026-06-02 17:52:03 | INFO |        0.000 ¦        4           2              0.000 
2026-06-02 17:52:03 | INFO |        0.000 ¦        5           2              0.000 
2026-06-02 17:52:03 | INFO |        0.000 ¦        6           2              0.000 
2026-06-02 17:52:03 | INFO |        0.000 ¦        7           2              0.000 
2026-06-02 17:52:03 | INFO |        0.000 ¦        8           2              0.000 
2026-06-02 17:52:03 | INFO |        0.000 ¦        9           2              0.000 
2026-06-02 17:52:03 | INFO |        0.001 ¦       10           2              0.000 
2026-06-02 17:52:03 | INFO |        0.001 ¦       11           2              0.001 
2026-06-02 17:52:03 | INFO |        0.002 ¦       12           2              0.001 
2026-06-02 17:52:03 | INFO |        0.004 ¦       13           2              0.002 
2026-06-02 17:52:03 | INFO |        0.008 ¦       14           2              0.004 
2026-06-02 17:52:03 | INFO |        0.016 ¦       15           2              0.008 
2026-06-02 17:52:03 | INFO |        0.033 ¦       16           2              0.016 
2026-06-02 17:52:03 | INFO |        0.066 ¦       17           2              0.033 
2026-06-02 17:52:03 | INFO |        0.131 ¦       18           2              0.066 
2026-06-02 17:52:03 | INFO |        0.262 ¦       19           2              0.131 
2026-06-02 17:52:03 | INFO |        0.524 ¦       20           2              0.262 
2026-06-02 17:52:03 | INFO |        1.049 ¦       21           2              0.524 
2026-06-02 17:52:03 | INFO |        2.097 ¦       22           2              1.049 
2026-06-02 17:52:03 | INFO |        3.146 ¦       23           2              1.049 
2026-06-02 17:52:03 | INFO |        5.243 ¦       24           2              2.097 
2026-06-02 17:52:03 | INFO |        9.437 ¦       25           2              4.194 
2026-06-02 17:52:03 | INFO |       10.000 ¦       26           2              0.563 
2026-06-02 17:52:03 | INFO | 
2026-06-02 17:52:03 | INFO | execution statistics :
2026-06-02 17:52:03 | INFO | 
2026-06-02 17:52:03 | INFO | number of time iterations                                  = 26
2026-06-02 17:52:03 | INFO | number of residual evaluations                             = 33
2026-06-02 17:52:03 | INFO | number of Jacobian evaluations                             = 23
2026-06-02 17:52:03 | INFO | number of nonlinear iterations                             = 33
2026-06-02 17:52:03 | INFO | number of error test failures                              = 0
2026-06-02 17:52:03 | INFO | number of nonlinear convergence failures                   = 0
2026-06-02 17:52:03 | INFO | number of solver root functions evaluations                = 27
2026-06-02 17:52:03 | INFO | number of internal root functions evaluations              = 0
2026-06-02 17:52:03 | INFO | number of discrete variables evaluations                   = 0
2026-06-02 17:52:03 | INFO | number of mode evaluations                                 = 0
2026-06-02 17:52:03 | INFO | number of differential mode                                = 0
2026-06-02 17:52:03 | INFO | number of algebraic mode                                   = 0
2026-06-02 17:52:03 | INFO | number of algebraic J update mode                          = 0
2026-06-02 17:52:03 | INFO | number of algebraic restoration residual evaluations       = 0
2026-06-02 17:52:03 | INFO | number of algebraic restoration Jacobian evaluations       = 0
2026-06-02 17:52:03 | INFO | number of algebraic prim restoration residual evaluations  = 0
2026-06-02 17:52:03 | INFO | number of algebraic prim restoration Jacobian evaluations  = 0
2026-06-02 17:52:03 | INFO | end of job 'GeneratorRoundRotorExpIsland'
